=== Parameters: param_set2 ===
-- The C compiler identification is GNU 8.5.0
-- The CXX compiler identification is GNU 8.5.0
-- Detecting C compiler ABI info
-- Detecting C compiler ABI info - done
-- Check for working C compiler: /usr/lib64/ccache/cc - skipped
-- Detecting C compile features
-- Detecting C compile features - done
-- Detecting CXX compiler ABI info
-- Detecting CXX compiler ABI info - done
-- Check for working CXX compiler: /usr/lib64/ccache/c++ - skipped
-- Detecting CXX compile features
-- Detecting CXX compile features - done
-- Found OpenMP_C: -fopenmp (found version "4.5") 
-- Found OpenMP_CXX: -fopenmp (found version "4.5") 
-- Found OpenMP: TRUE (found version "4.5")  
Found GD: YES
-- Looking for gdImagePng in /usr/lib64/libgd.so
-- Looking for gdImagePng in /usr/lib64/libgd.so - found
-- Found ZLIB: /usr/local/lib64/libz.so (found version "1.3.1")  
-- Found PNG: /usr/lib64/libpng.so (found version "1.6.34") 
-- Looking for gdImageJpeg in /usr/lib64/libgd.so
-- Looking for gdImageJpeg in /usr/lib64/libgd.so - found
-- Found JPEG: /usr/lib64/libjpeg.so (found version "62") 
-- Looking for gdImageGif in /usr/lib64/libgd.so
-- Looking for gdImageGif in /usr/lib64/libgd.so - found
-- Found GD: /usr/lib64/libgd.so
-- Found BISON: /usr/bin/bison (found version "3.0.4") 
CMake Deprecation Warning at module/lef/5.8-p027/CMakeLists.txt:6 (cmake_minimum_required):
  Compatibility with CMake < 2.8.12 will be removed from a future version of
  CMake.

  Update the VERSION argument <min> value or use a ...<max> suffix to tell
  CMake that the project does not need compatibility with older versions.


-- leflib_home: /home/jhqiao/workspace/NBLG/Mixed-Cell-Height_legalizer/module/lef/5.8-p027
-- Configuring done (0.8s)
-- Generating done (0.0s)
-- Build files have been written to: /home/jhqiao/workspace/NBLG/Mixed-Cell-Height_legalizer/build
[  1%] Built target LefBisonTarget
[  1%] Built target DefBisonTarget
[  3%] Building CXX object module/lef/5.8-p027/CMakeFiles/lef.dir/lef/crypt.cpp.o
[  3%] Building CXX object module/lef/5.8-p027/CMakeFiles/lef.dir/lef/lefiCrossTalk.cpp.o
[  3%] Building CXX object module/lef/5.8-p027/CMakeFiles/lef.dir/lef/lefiArray.cpp.o
[  3%] Building CXX object module/lef/5.8-p027/CMakeFiles/lef.dir/lef/lefiLayer.cpp.o
[  5%] Building CXX object module/lef/5.8-p027/CMakeFiles/lef.dir/lef/lefiDebug.cpp.o
[  5%] Building CXX object module/lef/5.8-p027/CMakeFiles/lef.dir/lef/lefiEncryptInt.cpp.o
[  7%] Building CXX object module/lef/5.8-p027/CMakeFiles/lef.dir/lef/lefiMacro.cpp.o
[  7%] Building CXX object module/lef/5.8-p027/CMakeFiles/lef.dir/lef/lefiMisc.cpp.o
[  7%] Building CXX object module/lef/5.8-p027/CMakeFiles/lef.dir/lef/lefiNonDefault.cpp.o
[  9%] Building CXX object module/lef/5.8-p027/CMakeFiles/lef.dir/lef/lefiPropType.cpp.o
[  9%] Building CXX object module/lef/5.8-p027/CMakeFiles/lef.dir/lef/lefiProp.cpp.o
[  9%] Building CXX object module/lef/5.8-p027/CMakeFiles/lef.dir/lef/lefiTBExt.cpp.o
[ 10%] Building CXX object module/lef/5.8-p027/CMakeFiles/lef.dir/lef/lefiViaRule.cpp.o
[ 10%] Building CXX object module/lef/5.8-p027/CMakeFiles/lef.dir/lef/lefiVia.cpp.o
[ 12%] Building CXX object module/def/5.8-p027/CMakeFiles/def.dir/def/defiAlias.cpp.o
[ 12%] Building CXX object module/lef/5.8-p027/CMakeFiles/lef.dir/lef/lefiUnits.cpp.o
[ 13%] Building CXX object module/lef/5.8-p027/CMakeFiles/lef.dir/lef/lefrCallbacks.cpp.o
[ 14%] Building CXX object module/lef/5.8-p027/CMakeFiles/lef.dir/lef/lef_keywords.cpp.o
[ 14%] Building CXX object module/lef/5.8-p027/CMakeFiles/lef.dir/lef/lefrData.cpp.o
[ 15%] Building CXX object module/lef/5.8-p027/CMakeFiles/lef.dir/lef/lefrReader.cpp.o
[ 15%] Building CXX object module/def/5.8-p027/CMakeFiles/def.dir/def/defiAssertion.cpp.o
[ 15%] Building CXX object module/lef/5.8-p027/CMakeFiles/lef.dir/lef/lef.tab.cpp.o
[ 15%] Building CXX object module/def/5.8-p027/CMakeFiles/def.dir/def/defiDebug.cpp.o
[ 17%] Building CXX object module/lef/5.8-p027/CMakeFiles/lef.dir/lef/lefrSettings.cpp.o
[ 18%] Building CXX object module/def/5.8-p027/CMakeFiles/def.dir/def/defiBlockage.cpp.o
[ 18%] Building CXX object module/def/5.8-p027/CMakeFiles/def.dir/def/defiComponent.cpp.o
[ 19%] Building CXX object module/lef/5.8-p027/CMakeFiles/lef.dir/lef/lefwWriterCalls.cpp.o
[ 22%] Building CXX object module/def/5.8-p027/CMakeFiles/def.dir/def/defiFPC.cpp.o
[ 20%] Building CXX object module/def/5.8-p027/CMakeFiles/def.dir/def/defiFill.cpp.o
[ 22%] Building CXX object module/lef/5.8-p027/CMakeFiles/lef.dir/lef/lefwWriter.cpp.o
[ 22%] Building CXX object module/def/5.8-p027/CMakeFiles/def.dir/def/defiGroup.cpp.o
[ 23%] Building CXX object module/def/5.8-p027/CMakeFiles/def.dir/def/defiIOTiming.cpp.o
[ 24%] Building CXX object module/def/5.8-p027/CMakeFiles/def.dir/def/defiMisc.cpp.o
[ 24%] Building CXX object module/def/5.8-p027/CMakeFiles/def.dir/def/defiNet.cpp.o
[ 26%] Building CXX object module/def/5.8-p027/CMakeFiles/def.dir/def/defiPartition.cpp.o
[ 26%] Building CXX object module/def/5.8-p027/CMakeFiles/def.dir/def/defiNonDefault.cpp.o
[ 26%] Building CXX object module/def/5.8-p027/CMakeFiles/def.dir/def/defiPath.cpp.o
[ 27%] Building CXX object module/def/5.8-p027/CMakeFiles/def.dir/def/defiPinCap.cpp.o
[ 28%] Building CXX object module/def/5.8-p027/CMakeFiles/def.dir/def/defiPinProp.cpp.o
[ 29%] Building CXX object module/def/5.8-p027/CMakeFiles/def.dir/def/defiProp.cpp.o
[ 29%] Building CXX object module/def/5.8-p027/CMakeFiles/def.dir/def/defiPropType.cpp.o
[ 30%] Building CXX object module/def/5.8-p027/CMakeFiles/def.dir/def/defiRegion.cpp.o
[ 30%] Building CXX object module/def/5.8-p027/CMakeFiles/def.dir/def/defiRowTrack.cpp.o
[ 31%] Building CXX object module/def/5.8-p027/CMakeFiles/def.dir/def/defiScanchain.cpp.o
[ 32%] Building CXX object module/def/5.8-p027/CMakeFiles/def.dir/def/defiSite.cpp.o
[ 32%] Building CXX object module/def/5.8-p027/CMakeFiles/def.dir/def/defiSlot.cpp.o
[ 33%] Building CXX object module/def/5.8-p027/CMakeFiles/def.dir/def/defiTimingDisable.cpp.o
[ 34%] Building CXX object module/def/5.8-p027/CMakeFiles/def.dir/def/defiUtil.cpp.o
[ 34%] Building CXX object module/def/5.8-p027/CMakeFiles/def.dir/def/defiVia.cpp.o
[ 36%] Building CXX object module/def/5.8-p027/CMakeFiles/def.dir/def/def_keywords.cpp.o
[ 36%] Building CXX object module/def/5.8-p027/CMakeFiles/def.dir/def/defrCallbacks.cpp.o
[ 36%] Building CXX object module/def/5.8-p027/CMakeFiles/def.dir/def/defrData.cpp.o
[ 38%] Building CXX object module/def/5.8-p027/CMakeFiles/def.dir/def/defrSettings.cpp.o
[ 38%] Building CXX object module/def/5.8-p027/CMakeFiles/def.dir/def/defrReader.cpp.o
[ 38%] Building CXX object module/def/5.8-p027/CMakeFiles/def.dir/def/defwWriterCalls.cpp.o
[ 40%] Building CXX object module/def/5.8-p027/CMakeFiles/def.dir/def/defwWriter.cpp.o
[ 40%] Building CXX object module/def/5.8-p027/CMakeFiles/def.dir/def/def.tab.cpp.o
[ 40%] Linking CXX static library /home/jhqiao/workspace/NBLG/Mixed-Cell-Height_legalizer/module/lef/5.8-p027/lib/liblef.a
[ 40%] Linking CXX static library /home/jhqiao/workspace/NBLG/Mixed-Cell-Height_legalizer/module/def/5.8-p027/lib/libdef.a
[ 40%] Built target lef
[ 41%] Building CXX object module/lef/5.8-p027/CMakeFiles/lefzlib.dir/lefzlib/lefzlib.cpp.o
[ 42%] Building C object module/lef/5.8-p027/CMakeFiles/clef.dir/clef/lefiEncryptExt.c.o
[ 42%] Building C object module/lef/5.8-p027/CMakeFiles/clef.dir/clef/lefiTBInt.c.o
[ 43%] Building CXX object module/lef/5.8-p027/CMakeFiles/clef.dir/clef/xlefiArray.cpp.o
[ 46%] Building CXX object module/lef/5.8-p027/CMakeFiles/clef.dir/clef/xlefiEncryptInt.cpp.o
[ 46%] Building CXX object module/lef/5.8-p027/CMakeFiles/clef.dir/clef/xlefiCrossTalk.cpp.o
[ 46%] Building CXX object module/lef/5.8-p027/CMakeFiles/clef.dir/clef/xlefiMacro.cpp.o
[ 46%] Building CXX object module/lef/5.8-p027/CMakeFiles/clef.dir/clef/xlefiDebug.cpp.o
[ 47%] Building CXX object module/lef/5.8-p027/CMakeFiles/clef.dir/clef/xlefiLayer.cpp.o
[ 49%] Building CXX object module/lef/5.8-p027/CMakeFiles/clef.dir/clef/xlefiPropType.cpp.o
[ 49%] Building CXX object module/lef/5.8-p027/CMakeFiles/clef.dir/clef/xlefiProp.cpp.o
[ 49%] Building CXX object module/lef/5.8-p027/CMakeFiles/clef.dir/clef/xlefiNonDefault.cpp.o
[ 50%] Building CXX object module/lef/5.8-p027/CMakeFiles/clef.dir/clef/xlefiMisc.cpp.o
[ 51%] Building CXX object module/lef/5.8-p027/CMakeFiles/clef.dir/clef/xlefiUtil.cpp.o
[ 51%] Building CXX object module/lef/5.8-p027/CMakeFiles/clef.dir/clef/xlefiUnits.cpp.o
[ 52%] Building CXX object module/lef/5.8-p027/CMakeFiles/clef.dir/clef/xlefiVia.cpp.o
[ 52%] Building CXX object module/lef/5.8-p027/CMakeFiles/clef.dir/clef/xlefiViaRule.cpp.o
[ 53%] Building CXX object module/lef/5.8-p027/CMakeFiles/clef.dir/clef/xlefwWriterCalls.cpp.o
[ 54%] Building CXX object module/lef/5.8-p027/CMakeFiles/clef.dir/clef/xlefrReader.cpp.o
[ 54%] Building CXX object module/lef/5.8-p027/CMakeFiles/clef.dir/clef/xlefwWriter.cpp.o
[ 55%] Linking CXX static library /home/jhqiao/workspace/NBLG/Mixed-Cell-Height_legalizer/module/lef/5.8-p027/lib/liblefzlib.a
[ 56%] Linking CXX static library /home/jhqiao/workspace/NBLG/Mixed-Cell-Height_legalizer/module/lef/5.8-p027/lib/libclef.a
[ 56%] Built target def
[ 57%] Building CXX object module/def/5.8-p027/CMakeFiles/defzlib.dir/defzlib/defzlib.cpp.o
[ 59%] Building CXX object CMakeFiles/MCHLGlib.dir/src/rtree.cpp.o
[ 59%] Building CXX object CMakeFiles/MCHLGlib.dir/src/utils.cpp.o
[ 59%] Building CXX object CMakeFiles/MCHLGlib.dir/src/matrix.cpp.o
[ 60%] Building CXX object CMakeFiles/MCHLGlib.dir/src/munkres.cpp.o
[ 61%] Building CXX object module/def/5.8-p027/CMakeFiles/cdef.dir/cdef/xdefiBlockage.cpp.o
[ 61%] Building CXX object CMakeFiles/MCHLGlib.dir/src/main.cpp.o
[ 63%] Building CXX object module/def/5.8-p027/CMakeFiles/cdef.dir/cdef/xdefiAssertion.cpp.o
[ 63%] Building CXX object CMakeFiles/MCHLGlib.dir/src/parser_helper.cpp.o
[ 65%] Building CXX object CMakeFiles/MCHLGlib.dir/src/pre.cpp.o
[ 65%] Building CXX object CMakeFiles/MCHLGlib.dir/src/nall.cpp.o
[ 66%] Building CXX object module/def/5.8-p027/CMakeFiles/cdef.dir/cdef/xdefiComponent.cpp.o
[ 65%] Building CXX object CMakeFiles/MCHLGlib.dir/src/parser.cpp.o
[ 66%] Building CXX object module/def/5.8-p027/CMakeFiles/cdef.dir/cdef/xdefiDebug.cpp.o
[ 67%] Building CXX object CMakeFiles/MCHLGlib.dir/src/multi_Imp.cpp.o
[ 69%] Building CXX object CMakeFiles/MCHLGlib.dir/src/ripup.cpp.o
[ 69%] Linking CXX static library /home/jhqiao/workspace/NBLG/Mixed-Cell-Height_legalizer/module/def/5.8-p027/lib/libdefzlib.a
[ 69%] Building CXX object CMakeFiles/MCHLGlib.dir/src/post.cpp.o
[ 69%] Building CXX object module/def/5.8-p027/CMakeFiles/cdef.dir/cdef/xdefiFill.cpp.o
[ 69%] Built target lefzlib
[ 71%] Building CXX object module/def/5.8-p027/CMakeFiles/cdef.dir/cdef/xdefiFPC.cpp.o
[ 71%] Building CXX object CMakeFiles/MCHLGlib.dir/src/MIA.cpp.o
[ 72%] Building CXX object CMakeFiles/MCHLGlib.dir/utils/log.cpp.o
[ 72%] Building CXX object CMakeFiles/MCHLGlib.dir/utils/draw.cpp.o
[ 73%] Building CXX object module/def/5.8-p027/CMakeFiles/cdef.dir/cdef/xdefiGroup.cpp.o
[ 73%] Building CXX object module/def/5.8-p027/CMakeFiles/cdef.dir/cdef/xdefiIOTiming.cpp.o
[ 73%] Built target clef
[ 74%] Building CXX object module/def/5.8-p027/CMakeFiles/cdef.dir/cdef/xdefiMisc.cpp.o
[ 75%] Building CXX object module/def/5.8-p027/CMakeFiles/cdef.dir/cdef/xdefiNet.cpp.o
[ 75%] Building CXX object module/def/5.8-p027/CMakeFiles/cdef.dir/cdef/xdefiNonDefault.cpp.o
[ 76%] Building CXX object module/def/5.8-p027/CMakeFiles/cdef.dir/cdef/xdefiPartition.cpp.o
[ 77%] Building CXX object module/def/5.8-p027/CMakeFiles/cdef.dir/cdef/xdefiPath.cpp.o
[ 77%] Building CXX object module/def/5.8-p027/CMakeFiles/cdef.dir/cdef/xdefiPinCap.cpp.o
[ 78%] Building CXX object module/def/5.8-p027/CMakeFiles/cdef.dir/cdef/xdefiPinProp.cpp.o
[ 79%] Building C object module/lef/5.8-p027/CMakeFiles/clefzlib.dir/clefzlib/clefzlib.c.o
[ 80%] Building CXX object module/def/5.8-p027/CMakeFiles/cdef.dir/cdef/xdefiPropType.cpp.o
[ 80%] Building CXX object module/def/5.8-p027/CMakeFiles/cdef.dir/cdef/xdefiProp.cpp.o
[ 81%] Building CXX object module/def/5.8-p027/CMakeFiles/cdef.dir/cdef/xdefiRegion.cpp.o
[ 82%] Building CXX object module/def/5.8-p027/CMakeFiles/cdef.dir/cdef/xdefiRowTrack.cpp.o
[ 82%] Built target defzlib
[ 82%] Building CXX object module/def/5.8-p027/CMakeFiles/cdef.dir/cdef/xdefiScanchain.cpp.o
[ 83%] Building CXX object module/def/5.8-p027/CMakeFiles/cdef.dir/cdef/xdefiSlot.cpp.o
[ 84%] Building CXX object module/def/5.8-p027/CMakeFiles/cdef.dir/cdef/xdefiSite.cpp.o
[ 84%] Linking CXX static library /home/jhqiao/workspace/NBLG/Mixed-Cell-Height_legalizer/module/lef/5.8-p027/lib/libclefzlib.a
[ 84%] Building CXX object module/def/5.8-p027/CMakeFiles/cdef.dir/cdef/xdefiTimingDisable.cpp.o
[ 85%] Building CXX object module/def/5.8-p027/CMakeFiles/cdef.dir/cdef/xdefiVia.cpp.o
[ 86%] Building CXX object module/def/5.8-p027/CMakeFiles/cdef.dir/cdef/xdefrReader.cpp.o
[ 86%] Building CXX object module/def/5.8-p027/CMakeFiles/cdef.dir/cdef/xdefwWriterCalls.cpp.o
[ 87%] Building CXX object module/def/5.8-p027/CMakeFiles/cdef.dir/cdef/xdefwWriter.cpp.o
[ 88%] Linking CXX static library /home/jhqiao/workspace/NBLG/Mixed-Cell-Height_legalizer/module/def/5.8-p027/lib/libcdef.a
[ 89%] Linking CXX static library libMCHLGlib.a
[ 89%] Built target clefzlib
[ 89%] Built target cdef
[ 89%] Building C object module/def/5.8-p027/CMakeFiles/cdefzlib.dir/cdefzlib/cdefzlib.c.o
[ 90%] Linking CXX static library /home/jhqiao/workspace/NBLG/Mixed-Cell-Height_legalizer/module/def/5.8-p027/lib/libcdefzlib.a
[ 90%] Built target cdefzlib
[ 90%] Building CXX object CMakeFiles/MCHLG.dir/src/utils.cpp.o
[ 91%] Building CXX object CMakeFiles/MCHLG.dir/src/rtree.cpp.o
[ 92%] Building CXX object CMakeFiles/MCHLG.dir/src/matrix.cpp.o
[ 93%] Building CXX object CMakeFiles/MCHLG.dir/src/main.cpp.o
[ 93%] Building CXX object CMakeFiles/MCHLG.dir/src/munkres.cpp.o
[ 94%] Building CXX object CMakeFiles/MCHLG.dir/src/parser_helper.cpp.o
[ 94%] Building CXX object CMakeFiles/MCHLG.dir/src/parser.cpp.o
[ 96%] Building CXX object CMakeFiles/MCHLG.dir/src/nall.cpp.o
[ 96%] Building CXX object CMakeFiles/MCHLG.dir/src/pre.cpp.o
[ 96%] Building CXX object CMakeFiles/MCHLG.dir/src/multi_Imp.cpp.o
[ 98%] Building CXX object CMakeFiles/MCHLG.dir/src/post.cpp.o
[ 98%] Building CXX object CMakeFiles/MCHLG.dir/src/ripup.cpp.o
[ 98%] Building CXX object CMakeFiles/MCHLG.dir/src/MIA.cpp.o
[100%] Building CXX object CMakeFiles/MCHLG.dir/utils/draw.cpp.o
[100%] Building CXX object CMakeFiles/MCHLG.dir/utils/log.cpp.o
[100%] Built target MCHLGlib
[100%] Linking CXX executable MCHLG
[100%] Built target MCHLG
 lef               : ./benchmarks/mgc_des_perf_1/tech.lef
 lef               : ./benchmarks/mgc_des_perf_1/cells_modified.lef
 def               : ./benchmarks/mgc_des_perf_1/placed.def
 constraints       : ./benchmarks/mgc_des_perf_1/placement.constraints
 out_def           : ./output/mgc_des_perf_1.def
WARNING (LEFPARS-2007): NAMESCASESENSITIVE statement is obsolete in version 5.6 and later.
The LEF parser will ignore this statement.
To avoid this warning in the future, remove this statement from the LEF file with version 5.6 or later. See file ./benchmarks/mgc_des_perf_1/tech.lef at line 4.

Reading ./benchmarks/mgc_des_perf_1/tech.lef is Done
Reading ./benchmarks/mgc_des_perf_1/cells_modified.lef is Done
Reading ./benchmarks/mgc_des_perf_1/placed.def is Done
Design Name: des_perf
[   1.296 ] ******************legalization start******************
[   1.361 ] ******************init_adjust******************
[   1.361 ]   fenceRegions: 0 defaultCellIds : 112644
[   1.361 ]   spNetRegions 55
[   1.390 ]   num_errorRegion : 0
[   1.397 ]   fenceRegion matched
[   1.474 ]   after preprocessing: s_am: inf;m_max: 1.879;avg_disp: 2.75537;max_disp: 18.79
[ 375.992 ]   iteration : 599 of_cnt : 41882; s_am : inf; m_max : 11.359; avg_disp : 8.29431; max_disp : 113.59
DVFA_cnt: 40642864
[1521.097 ]   iteration : 2999 of_cnt : 40784; s_am : inf; m_max : 12.4355; avg_disp : 10.8685; max_disp : 124.355
DVFA_cnt: 150857437
[1521.097 ] main stage completed!
[1521.097 ] ******************legalization completed. Total : 1519.8 sec ******************
[1521.100 ]   row aligned
[1521.109 ]   fenceRegion matched
[1521.372 ]   hpwl_gp : 1.18388e+06 hpwl_lg : 1.46752e+06 delta_rate : 23.9585%


Design Name: des_perf
[   1.371 ] ******************legalization start******************
[   1.444 ] ******************init_adjust******************
[   1.444 ]   fenceRegions: 0 defaultCellIds : 112644
[   1.444 ]   spNetRegions 55
[   1.478 ]   num_errorRegion : 0
[   1.488 ]   fenceRegion matched
[   1.583 ]   after preprocessing: s_am: inf;m_max: 1.875;avg_disp: 2.75854;max_disp: 18.75
[ 254.537 ]   iteration : 599 of_cnt : 18859; s_am : inf; m_max : 10.09; avg_disp : 7.77465; max_disp : 100.9
DVFA_cnt: 26588003
[ 601.487 ]   iteration : 2999 of_cnt : 1260; s_am : inf; m_max : 9.09; avg_disp : 8.84852; max_disp : 90.9
DVFA_cnt: 47198829
[ 601.487 ] main stage completed!
[ 601.487 ] ******************legalization completed. Total : 600.116 sec ******************
[ 601.490 ]   row aligned
[ 601.499 ]   fenceRegion matched
[ 601.708 ]   hpwl_gp : 1.24569e+06 hpwl_lg : 1.4619e+06 delta_rate : 17.357%
