=== Parameters: param_set1 ===
-- The C compiler identification is GNU 8.5.0
-- The CXX compiler identification is GNU 8.5.0
-- Detecting C compiler ABI info
-- Detecting C compiler ABI info - done
-- Check for working C compiler: /usr/lib64/ccache/cc - skipped
-- Detecting C compile features
-- Detecting C compile features - done
-- Detecting CXX compiler ABI info
-- Detecting CXX compiler ABI info - done
-- Check for working CXX compiler: /usr/lib64/ccache/c++ - skipped
-- Detecting CXX compile features
-- Detecting CXX compile features - done
-- Found OpenMP_C: -fopenmp (found version "4.5") 
-- Found OpenMP_CXX: -fopenmp (found version "4.5") 
-- Found OpenMP: TRUE (found version "4.5")  
Found GD: YES
-- Looking for gdImagePng in /usr/lib64/libgd.so
-- Looking for gdImagePng in /usr/lib64/libgd.so - found
-- Found ZLIB: /usr/local/lib64/libz.so (found version "1.3.1")  
-- Found PNG: /usr/lib64/libpng.so (found version "1.6.34") 
-- Looking for gdImageJpeg in /usr/lib64/libgd.so
-- Looking for gdImageJpeg in /usr/lib64/libgd.so - found
-- Found JPEG: /usr/lib64/libjpeg.so (found version "62") 
-- Looking for gdImageGif in /usr/lib64/libgd.so
-- Looking for gdImageGif in /usr/lib64/libgd.so - found
-- Found GD: /usr/lib64/libgd.so
-- Found BISON: /usr/bin/bison (found version "3.0.4") 
CMake Deprecation Warning at module/lef/5.8-p027/CMakeLists.txt:6 (cmake_minimum_required):
  Compatibility with CMake < 2.8.12 will be removed from a future version of
  CMake.

  Update the VERSION argument <min> value or use a ...<max> suffix to tell
  CMake that the project does not need compatibility with older versions.


-- leflib_home: /home/jhqiao/workspace/NBLG/Mixed-Cell-Height_legalizer/module/lef/5.8-p027
-- Configuring done (0.8s)
-- Generating done (0.0s)
-- Build files have been written to: /home/jhqiao/workspace/NBLG/Mixed-Cell-Height_legalizer/build
[  0%] Built target DefBisonTarget
[  1%] Built target LefBisonTarget
[  2%] Building CXX object module/lef/5.8-p027/CMakeFiles/lef.dir/lef/crypt.cpp.o
[  3%] Building CXX object module/lef/5.8-p027/CMakeFiles/lef.dir/lef/lefiArray.cpp.o
[  3%] Building CXX object module/lef/5.8-p027/CMakeFiles/lef.dir/lef/lefiCrossTalk.cpp.o
[  3%] Building CXX object module/def/5.8-p027/CMakeFiles/def.dir/def/defiAssertion.cpp.o
[  4%] Building CXX object module/lef/5.8-p027/CMakeFiles/lef.dir/lef/lefiDebug.cpp.o
[  6%] Building CXX object module/def/5.8-p027/CMakeFiles/def.dir/def/defiAlias.cpp.o
[  6%] Building CXX object module/def/5.8-p027/CMakeFiles/def.dir/def/defiBlockage.cpp.o
[  7%] Building CXX object module/lef/5.8-p027/CMakeFiles/lef.dir/lef/lefiEncryptInt.cpp.o
[  7%] Building CXX object module/lef/5.8-p027/CMakeFiles/lef.dir/lef/lefiLayer.cpp.o
[  9%] Building CXX object module/def/5.8-p027/CMakeFiles/def.dir/def/defiComponent.cpp.o
[  9%] Building CXX object module/lef/5.8-p027/CMakeFiles/lef.dir/lef/lefiMacro.cpp.o
[ 10%] Building CXX object module/lef/5.8-p027/CMakeFiles/lef.dir/lef/lefiMisc.cpp.o
[ 10%] Building CXX object module/lef/5.8-p027/CMakeFiles/lef.dir/lef/lefiNonDefault.cpp.o
[ 12%] Building CXX object module/lef/5.8-p027/CMakeFiles/lef.dir/lef/lefiProp.cpp.o
[ 12%] Building CXX object module/def/5.8-p027/CMakeFiles/def.dir/def/defiDebug.cpp.o
[ 12%] Building CXX object module/def/5.8-p027/CMakeFiles/def.dir/def/defiFill.cpp.o
[ 13%] Building CXX object module/lef/5.8-p027/CMakeFiles/lef.dir/lef/lefiPropType.cpp.o
[ 13%] Building CXX object module/lef/5.8-p027/CMakeFiles/lef.dir/lef/lefiTBExt.cpp.o
[ 14%] Building CXX object module/lef/5.8-p027/CMakeFiles/lef.dir/lef/lefiUnits.cpp.o
[ 15%] Building CXX object module/lef/5.8-p027/CMakeFiles/lef.dir/lef/lefiVia.cpp.o
[ 15%] Building CXX object module/lef/5.8-p027/CMakeFiles/lef.dir/lef/lefiViaRule.cpp.o
[ 16%] Building CXX object module/def/5.8-p027/CMakeFiles/def.dir/def/defiFPC.cpp.o
[ 17%] Building CXX object module/lef/5.8-p027/CMakeFiles/lef.dir/lef/lef_keywords.cpp.o
[ 17%] Building CXX object module/def/5.8-p027/CMakeFiles/def.dir/def/defiGroup.cpp.o
[ 18%] Building CXX object module/lef/5.8-p027/CMakeFiles/lef.dir/lef/lefrCallbacks.cpp.o
[ 21%] Building CXX object module/def/5.8-p027/CMakeFiles/def.dir/def/defiMisc.cpp.o
[ 21%] Building CXX object module/lef/5.8-p027/CMakeFiles/lef.dir/lef/lefrData.cpp.o
[ 21%] Building CXX object module/def/5.8-p027/CMakeFiles/def.dir/def/defiIOTiming.cpp.o
[ 21%] Building CXX object module/lef/5.8-p027/CMakeFiles/lef.dir/lef/lefrReader.cpp.o
[ 22%] Building CXX object module/def/5.8-p027/CMakeFiles/def.dir/def/defiNonDefault.cpp.o
[ 22%] Building CXX object module/def/5.8-p027/CMakeFiles/def.dir/def/defiNet.cpp.o
[ 23%] Building CXX object module/lef/5.8-p027/CMakeFiles/lef.dir/lef/lefrSettings.cpp.o
[ 24%] Building CXX object module/def/5.8-p027/CMakeFiles/def.dir/def/defiPartition.cpp.o
[ 24%] Building CXX object module/lef/5.8-p027/CMakeFiles/lef.dir/lef/lef.tab.cpp.o
[ 24%] Building CXX object module/def/5.8-p027/CMakeFiles/def.dir/def/defiPath.cpp.o
[ 26%] Building CXX object module/def/5.8-p027/CMakeFiles/def.dir/def/defiPinCap.cpp.o
[ 26%] Building CXX object module/lef/5.8-p027/CMakeFiles/lef.dir/lef/lefwWriterCalls.cpp.o
[ 27%] Building CXX object module/def/5.8-p027/CMakeFiles/def.dir/def/defiPinProp.cpp.o
[ 28%] Building CXX object module/lef/5.8-p027/CMakeFiles/lef.dir/lef/lefwWriter.cpp.o
[ 28%] Building CXX object module/def/5.8-p027/CMakeFiles/def.dir/def/defiProp.cpp.o
[ 30%] Building CXX object module/def/5.8-p027/CMakeFiles/def.dir/def/defiRegion.cpp.o
[ 30%] Building CXX object module/def/5.8-p027/CMakeFiles/def.dir/def/defiPropType.cpp.o
[ 31%] Building CXX object module/def/5.8-p027/CMakeFiles/def.dir/def/defiSite.cpp.o
[ 31%] Building CXX object module/def/5.8-p027/CMakeFiles/def.dir/def/defiRowTrack.cpp.o
[ 32%] Building CXX object module/def/5.8-p027/CMakeFiles/def.dir/def/defiScanchain.cpp.o
[ 32%] Building CXX object module/def/5.8-p027/CMakeFiles/def.dir/def/defiSlot.cpp.o
[ 33%] Building CXX object module/def/5.8-p027/CMakeFiles/def.dir/def/defiTimingDisable.cpp.o
[ 34%] Building CXX object module/def/5.8-p027/CMakeFiles/def.dir/def/defiUtil.cpp.o
[ 34%] Building CXX object module/def/5.8-p027/CMakeFiles/def.dir/def/defiVia.cpp.o
[ 35%] Building CXX object module/def/5.8-p027/CMakeFiles/def.dir/def/def_keywords.cpp.o
[ 36%] Building CXX object module/def/5.8-p027/CMakeFiles/def.dir/def/defrCallbacks.cpp.o
[ 36%] Building CXX object module/def/5.8-p027/CMakeFiles/def.dir/def/defrData.cpp.o
[ 37%] Building CXX object module/def/5.8-p027/CMakeFiles/def.dir/def/defrReader.cpp.o
[ 38%] Building CXX object module/def/5.8-p027/CMakeFiles/def.dir/def/defrSettings.cpp.o
[ 38%] Building CXX object module/def/5.8-p027/CMakeFiles/def.dir/def/defwWriterCalls.cpp.o
[ 39%] Building CXX object module/def/5.8-p027/CMakeFiles/def.dir/def/defwWriter.cpp.o
[ 40%] Building CXX object module/def/5.8-p027/CMakeFiles/def.dir/def/def.tab.cpp.o
[ 40%] Linking CXX static library /home/jhqiao/workspace/NBLG/Mixed-Cell-Height_legalizer/module/lef/5.8-p027/lib/liblef.a
[ 40%] Linking CXX static library /home/jhqiao/workspace/NBLG/Mixed-Cell-Height_legalizer/module/def/5.8-p027/lib/libdef.a
[ 41%] Built target lef
[ 41%] Built target def
[ 42%] Building C object module/lef/5.8-p027/CMakeFiles/clef.dir/clef/lefiEncryptExt.c.o
[ 42%] Building C object module/lef/5.8-p027/CMakeFiles/clef.dir/clef/lefiTBInt.c.o
[ 43%] Building CXX object module/lef/5.8-p027/CMakeFiles/clef.dir/clef/xlefiArray.cpp.o
[ 44%] Building CXX object module/lef/5.8-p027/CMakeFiles/clef.dir/clef/xlefiCrossTalk.cpp.o
[ 45%] Building CXX object CMakeFiles/MCHLGlib.dir/src/utils.cpp.o
[ 47%] Building CXX object module/lef/5.8-p027/CMakeFiles/clef.dir/clef/xlefiLayer.cpp.o
[ 47%] Building CXX object module/lef/5.8-p027/CMakeFiles/clef.dir/clef/xlefiEncryptInt.cpp.o
[ 48%] Building CXX object module/lef/5.8-p027/CMakeFiles/lefzlib.dir/lefzlib/lefzlib.cpp.o
[ 48%] Building CXX object module/lef/5.8-p027/CMakeFiles/clef.dir/clef/xlefiMacro.cpp.o
[ 48%] Building CXX object CMakeFiles/MCHLGlib.dir/src/matrix.cpp.o
[ 49%] Building CXX object module/lef/5.8-p027/CMakeFiles/clef.dir/clef/xlefiMisc.cpp.o
[ 49%] Building CXX object module/lef/5.8-p027/CMakeFiles/clef.dir/clef/xlefiDebug.cpp.o
[ 51%] Building CXX object CMakeFiles/MCHLGlib.dir/src/rtree.cpp.o
[ 51%] Building CXX object CMakeFiles/MCHLGlib.dir/src/munkres.cpp.o
[ 52%] Building CXX object module/def/5.8-p027/CMakeFiles/defzlib.dir/defzlib/defzlib.cpp.o
[ 53%] Building CXX object module/def/5.8-p027/CMakeFiles/cdef.dir/cdef/xdefiAssertion.cpp.o
[ 55%] Building CXX object CMakeFiles/MCHLGlib.dir/src/main.cpp.o
[ 55%] Building CXX object module/def/5.8-p027/CMakeFiles/cdef.dir/cdef/xdefiBlockage.cpp.o
[ 55%] Building CXX object module/def/5.8-p027/CMakeFiles/cdef.dir/cdef/xdefiComponent.cpp.o
[ 56%] Building CXX object CMakeFiles/MCHLGlib.dir/src/parser.cpp.o
[ 56%] Building CXX object module/lef/5.8-p027/CMakeFiles/clef.dir/clef/xlefiNonDefault.cpp.o
[ 58%] Building CXX object CMakeFiles/MCHLGlib.dir/src/parser_helper.cpp.o
[ 58%] Building CXX object module/lef/5.8-p027/CMakeFiles/clef.dir/clef/xlefiProp.cpp.o
[ 58%] Building CXX object module/def/5.8-p027/CMakeFiles/cdef.dir/cdef/xdefiDebug.cpp.o
[ 58%] Building CXX object module/def/5.8-p027/CMakeFiles/cdef.dir/cdef/xdefiFill.cpp.o
[ 60%] Linking CXX static library /home/jhqiao/workspace/NBLG/Mixed-Cell-Height_legalizer/module/lef/5.8-p027/lib/liblefzlib.a
[ 60%] Building CXX object CMakeFiles/MCHLGlib.dir/src/nall.cpp.o
[ 61%] Linking CXX static library /home/jhqiao/workspace/NBLG/Mixed-Cell-Height_legalizer/module/def/5.8-p027/lib/libdefzlib.a
[ 62%] Building CXX object module/def/5.8-p027/CMakeFiles/cdef.dir/cdef/xdefiFPC.cpp.o
[ 62%] Building CXX object CMakeFiles/MCHLGlib.dir/src/pre.cpp.o
[ 63%] Building CXX object CMakeFiles/MCHLGlib.dir/src/multi_Imp.cpp.o
[ 64%] Building CXX object CMakeFiles/MCHLGlib.dir/src/ripup.cpp.o
[ 65%] Building CXX object module/def/5.8-p027/CMakeFiles/cdef.dir/cdef/xdefiGroup.cpp.o
[ 66%] Building CXX object module/lef/5.8-p027/CMakeFiles/clef.dir/clef/xlefiPropType.cpp.o
[ 66%] Building CXX object CMakeFiles/MCHLGlib.dir/src/post.cpp.o
[ 66%] Building CXX object module/def/5.8-p027/CMakeFiles/cdef.dir/cdef/xdefiIOTiming.cpp.o
[ 67%] Building CXX object CMakeFiles/MCHLGlib.dir/src/MIA.cpp.o
[ 68%] Building CXX object CMakeFiles/MCHLGlib.dir/utils/log.cpp.o
[ 68%] Building CXX object module/lef/5.8-p027/CMakeFiles/clef.dir/clef/xlefiUnits.cpp.o
[ 69%] Building CXX object module/def/5.8-p027/CMakeFiles/cdef.dir/cdef/xdefiMisc.cpp.o
[ 70%] Building CXX object module/def/5.8-p027/CMakeFiles/cdef.dir/cdef/xdefiNet.cpp.o
[ 70%] Building CXX object module/def/5.8-p027/CMakeFiles/cdef.dir/cdef/xdefiNonDefault.cpp.o
[ 71%] Building CXX object module/lef/5.8-p027/CMakeFiles/clef.dir/clef/xlefiUtil.cpp.o
[ 72%] Building CXX object module/lef/5.8-p027/CMakeFiles/clef.dir/clef/xlefiVia.cpp.o
[ 72%] Building CXX object module/lef/5.8-p027/CMakeFiles/clef.dir/clef/xlefiViaRule.cpp.o
[ 73%] Building CXX object module/lef/5.8-p027/CMakeFiles/clef.dir/clef/xlefrReader.cpp.o
[ 74%] Building CXX object module/def/5.8-p027/CMakeFiles/cdef.dir/cdef/xdefiPartition.cpp.o
[ 75%] Building CXX object module/def/5.8-p027/CMakeFiles/cdef.dir/cdef/xdefiPath.cpp.o
[ 75%] Building CXX object module/def/5.8-p027/CMakeFiles/cdef.dir/cdef/xdefiPinCap.cpp.o
[ 76%] Building CXX object module/def/5.8-p027/CMakeFiles/cdef.dir/cdef/xdefiPinProp.cpp.o
[ 77%] Building CXX object module/lef/5.8-p027/CMakeFiles/clef.dir/clef/xlefwWriterCalls.cpp.o
[ 77%] Building CXX object module/lef/5.8-p027/CMakeFiles/clef.dir/clef/xlefwWriter.cpp.o
[ 77%] Built target lefzlib
[ 77%] Built target defzlib
[ 77%] Building CXX object CMakeFiles/MCHLGlib.dir/utils/draw.cpp.o
[ 78%] Building CXX object module/def/5.8-p027/CMakeFiles/cdef.dir/cdef/xdefiProp.cpp.o
[ 78%] Building CXX object module/def/5.8-p027/CMakeFiles/cdef.dir/cdef/xdefiPropType.cpp.o
[ 79%] Building CXX object module/def/5.8-p027/CMakeFiles/cdef.dir/cdef/xdefiRegion.cpp.o
[ 80%] Building CXX object module/def/5.8-p027/CMakeFiles/cdef.dir/cdef/xdefiRowTrack.cpp.o
[ 80%] Building CXX object module/def/5.8-p027/CMakeFiles/cdef.dir/cdef/xdefiScanchain.cpp.o
[ 81%] Building CXX object module/def/5.8-p027/CMakeFiles/cdef.dir/cdef/xdefiSite.cpp.o
[ 82%] Linking CXX static library /home/jhqiao/workspace/NBLG/Mixed-Cell-Height_legalizer/module/lef/5.8-p027/lib/libclef.a
[ 83%] Building CXX object module/def/5.8-p027/CMakeFiles/cdef.dir/cdef/xdefiSlot.cpp.o
[ 83%] Building CXX object module/def/5.8-p027/CMakeFiles/cdef.dir/cdef/xdefiTimingDisable.cpp.o
[ 84%] Building CXX object module/def/5.8-p027/CMakeFiles/cdef.dir/cdef/xdefrReader.cpp.o
[ 85%] Building CXX object module/def/5.8-p027/CMakeFiles/cdef.dir/cdef/xdefiVia.cpp.o
[ 85%] Building CXX object module/def/5.8-p027/CMakeFiles/cdef.dir/cdef/xdefwWriterCalls.cpp.o
[ 86%] Building CXX object module/def/5.8-p027/CMakeFiles/cdef.dir/cdef/xdefwWriter.cpp.o
[ 88%] Linking CXX static library /home/jhqiao/workspace/NBLG/Mixed-Cell-Height_legalizer/module/def/5.8-p027/lib/libcdef.a
[ 88%] Linking CXX static library libMCHLGlib.a
[ 88%] Built target clef
[ 89%] Building C object module/lef/5.8-p027/CMakeFiles/clefzlib.dir/clefzlib/clefzlib.c.o
[ 89%] Built target cdef
[ 89%] Linking CXX static library /home/jhqiao/workspace/NBLG/Mixed-Cell-Height_legalizer/module/lef/5.8-p027/lib/libclefzlib.a
[ 89%] Building C object module/def/5.8-p027/CMakeFiles/cdefzlib.dir/cdefzlib/cdefzlib.c.o
[ 90%] Linking CXX static library /home/jhqiao/workspace/NBLG/Mixed-Cell-Height_legalizer/module/def/5.8-p027/lib/libcdefzlib.a
[ 90%] Built target clefzlib
[ 90%] Built target cdefzlib
[ 90%] Building CXX object CMakeFiles/MCHLG.dir/src/utils.cpp.o
[ 90%] Building CXX object CMakeFiles/MCHLG.dir/src/munkres.cpp.o
[ 91%] Building CXX object CMakeFiles/MCHLG.dir/src/matrix.cpp.o
[ 91%] Building CXX object CMakeFiles/MCHLG.dir/src/parser_helper.cpp.o
[ 93%] Building CXX object CMakeFiles/MCHLG.dir/src/nall.cpp.o
[ 93%] Building CXX object CMakeFiles/MCHLG.dir/src/parser.cpp.o
[ 95%] Building CXX object CMakeFiles/MCHLG.dir/src/main.cpp.o
[ 95%] Building CXX object CMakeFiles/MCHLG.dir/src/multi_Imp.cpp.o
[ 95%] Building CXX object CMakeFiles/MCHLG.dir/src/rtree.cpp.o
[ 96%] Building CXX object CMakeFiles/MCHLG.dir/utils/draw.cpp.o
[100%] Building CXX object CMakeFiles/MCHLG.dir/src/post.cpp.o
[100%] Building CXX object CMakeFiles/MCHLG.dir/utils/log.cpp.o
[100%] Building CXX object CMakeFiles/MCHLG.dir/src/pre.cpp.o
[100%] Building CXX object CMakeFiles/MCHLG.dir/src/MIA.cpp.o
[100%] Building CXX object CMakeFiles/MCHLG.dir/src/ripup.cpp.o
[100%] Built target MCHLGlib
[100%] Linking CXX executable MCHLG
[100%] Built target MCHLG
 lef               : ./benchmarks/mgc_pci_bridge32_1/tech.lef
 lef               : ./benchmarks/mgc_pci_bridge32_1/cells_modified.lef
 def               : ./benchmarks/mgc_pci_bridge32_1/placed.def
 constraints       : ./benchmarks/mgc_pci_bridge32_1/placement.constraints
 out_def           : ./output/mgc_pci_bridge32_1.def
WARNING (LEFPARS-2007): NAMESCASESENSITIVE statement is obsolete in version 5.6 and later.
The LEF parser will ignore this statement.
To avoid this warning in the future, remove this statement from the LEF file with version 5.6 or later. See file ./benchmarks/mgc_pci_bridge32_1/tech.lef at line 4.

Reading ./benchmarks/mgc_pci_bridge32_1/tech.lef is Done
Reading ./benchmarks/mgc_pci_bridge32_1/cells_modified.lef is Done
Reading ./benchmarks/mgc_pci_bridge32_1/placed.def is Done
Design Name: pci_bridge32
[   0.384 ] ******************legalization start******************
[   0.398 ] ******************init_adjust******************
[   0.398 ]   fenceRegions: 0 defaultCellIds : 30675
[   0.398 ]   spNetRegions 32
[   0.407 ]   num_errorRegion : 0
[   0.409 ]   fenceRegion matched
[   0.428 ]   after preprocessing: s_am: inf;m_max: 1.839;avg_disp: 2.76319;max_disp: 18.39
[  59.089 ]   iteration : 599 of_cnt : 5074; s_am : inf; m_max : 5.123; avg_disp : 7.56686; max_disp : 51.23
DVFA_cnt: 5817803
[ 140.708 ]   iteration : 2999 of_cnt : 672; s_am : inf; m_max : 4.8635; avg_disp : 8.77023; max_disp : 48.635
DVFA_cnt: 11671583
[ 140.708 ] main stage completed!
[ 140.708 ] ******************legalization completed. Total : 140.324 sec ******************
[ 140.708 ]   row aligned
[ 140.710 ]   fenceRegion matched
[ 140.758 ]   hpwl_gp : 276828 hpwl_lg : 338758 delta_rate : 22.3711%
